[WARN] metadata not found: None/metadata.xlsx — case library/search will be empty. Set PANTS_PATH in flask-server/.env to your dataset to enable it.
Map([<Rule '/static/<filename>' (HEAD, GET, OPTIONS) -> static>,
 <Rule '/api/proxy-image' (HEAD, GET, OPTIONS) -> api.proxy_image>,
 <Rule '/api/get_preview/<clabel_ids>' (HEAD, GET, OPTIONS) -> api.get_preview>,
 <Rule '/api/get_image_preview/<clabel_id>' (HEAD, GET, OPTIONS) -> api.get_image_preview>,
 <Rule '/api/cases/<case_id>/mesh-manifest' (HEAD, GET, OPTIONS) -> api.get_mesh_manifest>,
 <Rule '/api/cases/<display_id>/render_only/<filename>' (HEAD, GET, OPTIONS) -> api.get_mesh_file>,
 <Rule '/api/get-label-colormap/<clabel_id>' (HEAD, GET, OPTIONS) -> api.get_label_colormap>,
 <Rule '/api/' (HEAD, GET, OPTIONS) -> api.home>,
 <Rule '/api/upload' (POST, OPTIONS) -> api.upload>,
 <Rule '/api/mask-data' (POST, OPTIONS) -> api.get_mask_data>,
 <Rule '/api/get-main-nifti/<clabel_id>.nii.gz' (HEAD, GET, OPTIONS) -> api.get_main_nifti>,
 <Rule '/api/get-report/<id>' (HEAD, GET, OPTIONS) -> api.get_report>,
 <Rule '/api/explain-impressions' (POST, OPTIONS) -> api.explain_impressions>,
 <Rule '/api/define-term' (HEAD, GET, OPTIONS) -> api.define_term>,
 <Rule '/api/get-report-data/<id>' (HEAD, GET, OPTIONS) -> api.get_report_data>,
 <Rule '/api/report/<id>' (HEAD, GET, OPTIONS) -> api.report_html>,
 <Rule '/api/generate-report-pdf/<id>' (HEAD, GET, OPTIONS) -> api.generate_report_pdf>,
 <Rule '/api/get-specific-segmentations/<combined_labels_id>' (POST, OPTIONS) -> api.get_specific_segmentations>,
 <Rule '/api/get-segmentations/<combined_labels_id>.nii.gz' (HEAD, GET, OPTIONS) -> api.get_segmentations>,
 <Rule '/api/download/<id>' (HEAD, GET, OPTIONS) -> api.download_segmentation_zip>,
 <Rule '/api/auto_segment/<session_id>' (POST, OPTIONS) -> api.auto_segment>,
 <Rule '/api/run-inference' (POST, OPTIONS) -> api.run_epai_inference>,
 <Rule '/api/run-epai-inference' (POST, OPTIONS) -> api.run_epai_inference>,
 <Rule '/api/inference-status/<session_id>' (HEAD, GET, OPTIONS) -> api.get_inference_status>,
 <Rule '/api/inference-duration-estimate' (HEAD, GET, OPTIONS) -> api.get_inference_duration_estimate>,
 <Rule '/api/cancel-inference/<session_id>' (POST, OPTIONS) -> api.cancel_inference_session>,
 <Rule '/api/check-inference-status' (HEAD, GET, OPTIONS) -> api.check_inference_status_legacy>,
 <Rule '/api/jobs' (POST, OPTIONS) -> api.create_pull_inference_job>,
 <Rule '/api/jobs/<job_id>' (HEAD, GET, OPTIONS) -> api.get_pull_inference_job>,
 <Rule '/api/jobs/next' (HEAD, GET, OPTIONS) -> api.lease_next_pull_job>,
 <Rule '/api/jobs/<job_id>/input' (HEAD, GET, OPTIONS) -> api.download_pull_job_input>,
 <Rule '/api/jobs/<job_id>/heartbeat' (POST, OPTIONS) -> api.heartbeat_pull_job>,
 <Rule '/api/jobs/<job_id>/result' (POST, OPTIONS) -> api.complete_pull_job>,
 <Rule '/api/jobs/<job_id>/fail' (POST, OPTIONS) -> api.fail_pull_job>,
 <Rule '/api/jobs/<job_id>/download' (HEAD, GET, OPTIONS) -> api.download_pull_job_result>,
 <Rule '/api/get_result/<session_id>' (HEAD, GET, OPTIONS) -> api.get_result>,
 <Rule '/api/session-ct/<session_id>' (HEAD, GET, OPTIONS) -> api.get_session_ct>,
 <Rule '/api/session-segmentation/<session_id>' (HEAD, GET, OPTIONS) -> api.get_session_segmentation>,
 <Rule '/api/sessions/<session_id>/mesh-manifest' (HEAD, GET, OPTIONS) -> api.get_session_mesh_manifest>,
 <Rule '/api/sessions/<session_id>/render_only/<filename>' (HEAD, GET, OPTIONS) -> api.get_session_mesh_file>,
 <Rule '/api/session-reconstruction/<session_id>' (HEAD, GET, OPTIONS) -> api.get_session_reconstruction>,
 <Rule '/api/upload-inference-chunk' (POST, OPTIONS) -> api.upload_inference_chunk>,
 <Rule '/api/finalize-upload' (POST, OPTIONS) -> api.finalize_upload>,
 <Rule '/api/upload-dicom-slice' (POST, OPTIONS) -> api.upload_dicom_slice>,
 <Rule '/api/finalize-dicom' (POST, OPTIONS) -> api.finalize_dicom>,
 <Rule '/api/cancel-inference' (POST, OPTIONS) -> api.cancel_inference>,
 <Rule '/api/ping' (HEAD, GET, OPTIONS) -> api.ping>,
 <Rule '/api/search' (HEAD, GET, OPTIONS) -> api.api_search>,
 <Rule '/api/facets' (HEAD, GET, OPTIONS) -> api.api_facets>,
 <Rule '/api/random' (HEAD, GET, OPTIONS) -> api.api_random_topk_rotate_norand>,
 <Rule '/api/ai-models' (HEAD, GET, OPTIONS) -> api.ai_models>,
 <Rule '/api/ai-command' (POST, OPTIONS) -> api.ai_command>,
 <Rule '/api/ai-command-stream' (POST, OPTIONS) -> api.ai_command_stream>,
 <Rule '/api/save-edited-mask/<case_id>' (POST, OPTIONS) -> api.save_edited_mask>,
 <Rule '/api/list-edited-masks/<case_id>' (HEAD, GET, OPTIONS) -> api.list_edited_masks>,
 <Rule '/api/interactive-segment/<case_id>' (POST, OPTIONS) -> api.interactive_segment>,
 <Rule '/api/vessel-cpr/<case_id>' (POST, OPTIONS) -> api.vessel_cpr>,
 <Rule '/api/share/<case_id>/token' (POST, OPTIONS) -> api.create_share_token>,
 <Rule '/api/share/<token>' (HEAD, GET, OPTIONS) -> api.get_shared_case>,
 <Rule '/api/education/challenges/<challenge_id>' (HEAD, GET, OPTIONS) -> education.get_challenge>,
 <Rule '/api/education/quiz-playlists' (HEAD, GET, OPTIONS) -> education.get_quiz_playlists>,
 <Rule '/api/education/quiz-playlists/<playlist_id>/select' (POST, OPTIONS) -> education.select_quiz_playlist_pack>,
 <Rule '/api/education/quiz-packs/<pack_id>' (HEAD, GET, OPTIONS) -> education.get_quiz_pack>,
 <Rule '/api/education/quiz-packs/<pack_id>/reports' (POST, OPTIONS) -> education.report_quiz_pack>,
 <Rule '/api/education/quiz-packs/<pack_id>/attempts' (POST, OPTIONS) -> education.start_quiz_practice_attempt>,
 <Rule '/api/education/quiz-attempts/<attempt_id>/submit' (POST, OPTIONS) -> education.submit_quiz_practice_attempt>,
 <Rule '/api/education/quiz-attempts/<attempt_id>/result' (HEAD, GET, OPTIONS) -> education.get_quiz_practice_result>,
 <Rule '/api/education/quiz-attempts/<attempt_id>/reveal-segmentation.nii.gz' (HEAD, GET, OPTIONS) -> education.get_quiz_practice_reveal>,
 <Rule '/api/education/attempts/<attempt_id>/reveal-segmentation.nii.gz' (HEAD, GET, OPTIONS) -> education.get_challenge_segmentation>,
 <Rule '/api/education/challenges/<challenge_id>/attempts' (POST, OPTIONS) -> education.start_attempt>,
 <Rule '/api/education/attempts/<attempt_id>/submit' (POST, OPTIONS) -> education.submit_attempt>,
 <Rule '/api/education/attempts/<attempt_id>/result' (HEAD, GET, OPTIONS) -> education.get_attempt_result>,
 <Rule '/api/education/attempts/<attempt_id>/retry-grade' (POST, OPTIONS) -> education.retry_attempt_grade>,
 <Rule '/api/education/attempts/<attempt_id>/tutor' (POST, OPTIONS) -> education.tutor>,
 <Rule '/api/live-rooms' (POST, OPTIONS) -> live_rooms.create_live_room>,
 <Rule '/api/live-rooms/health' (HEAD, GET, OPTIONS) -> live_rooms.live_rooms_health>,
 <Rule '/api/live-rooms/<room_id>' (HEAD, GET, OPTIONS) -> live_rooms.get_live_room>,
 <Rule '/api/live-rooms/<room_id>/snapshot' (HEAD, GET, OPTIONS) -> live_rooms.get_live_room_snapshot>,
 <Rule '/api/live-rooms/<room_id>/export.zip' (HEAD, GET, OPTIONS) -> live_rooms.export_live_room>,
 <Rule '/api/live-rooms/<room_id>/report.pdf' (HEAD, GET, OPTIONS) -> live_rooms.live_room_report>,
 <Rule '/api/live-rooms/<room_id>/quiz/reveal-segmentation.nii.gz' (HEAD, GET, OPTIONS) -> live_rooms.live_quiz_reveal_segmentation>,
 <Rule '/api/auth/register' (POST, OPTIONS) -> auth.register>,
 <Rule '/api/auth/login' (POST, OPTIONS) -> auth.login>,
 <Rule '/api/auth/logout' (POST, OPTIONS) -> auth.logout>,
 <Rule '/api/auth/send-verification' (POST, OPTIONS) -> auth.send_verification>,
 <Rule '/api/auth/verify-email' (POST, OPTIONS) -> auth.verify_email>,
 <Rule '/api/auth/forgot-password' (POST, OPTIONS) -> auth.forgot_password>,
 <Rule '/api/auth/reset-password' (POST, OPTIONS) -> auth.reset_password>,
 <Rule '/api/auth/me' (HEAD, GET, OPTIONS) -> auth.me>,
 <Rule '/api/auth/me' (PATCH, OPTIONS) -> auth.update_me>,
 <Rule '/api/me/plan' (POST, OPTIONS) -> auth.set_my_plan>,
 <Rule '/api/me/usage' (HEAD, GET, OPTIONS) -> auth.my_usage>,
 <Rule '/api/me/jobs' (HEAD, GET, OPTIONS) -> auth.my_jobs>,
 <Rule '/api/me/export' (HEAD, GET, OPTIONS) -> auth.export_me>,
 <Rule '/api/me/jobs' (DELETE, OPTIONS) -> auth.delete_my_jobs>,
 <Rule '/api/me' (DELETE, OPTIONS) -> auth.delete_me>,
 <Rule '/api/auth/oauth/providers' (HEAD, GET, OPTIONS) -> oauth.providers>,
 <Rule '/api/auth/oauth/<provider>' (HEAD, GET, OPTIONS) -> oauth.oauth_start>,
 <Rule '/api/auth/oauth/<provider>/callback' (HEAD, GET, OPTIONS) -> oauth.oauth_callback>,
 <Rule '/api/admin/people' (HEAD, GET, OPTIONS) -> admin.people>,
 <Rule '/api/admin/people/<user_id>/roles' (POST, OPTIONS) -> admin.grant_role>,
 <Rule '/api/admin/people/<user_id>/roles/<role>' (DELETE, OPTIONS) -> admin.revoke_role>,
 <Rule '/api/admin/people/<user_id>' (DELETE, OPTIONS) -> admin.delete_account>,
 <Rule '/api/admin/people/<user_id>/restore' (POST, OPTIONS) -> admin.restore_account>,
 <Rule '/api/analytics/collect' (POST, OPTIONS) -> analytics.collect>,
 <Rule '/api/analytics/overview' (HEAD, GET, OPTIONS) -> analytics.overview>,
 <Rule '/api/analytics/meta' (HEAD, GET, OPTIONS) -> analytics.meta>])[WARN] metadata not found: None/metadata.xlsx — case library/search will be empty. Set PANTS_PATH in flask-server/.env to your dataset to enable it.
Map([<Rule '/static/<filename>' (OPTIONS, HEAD, GET) -> static>,
 <Rule '/api/proxy-image' (OPTIONS, HEAD, GET) -> api.proxy_image>,
 <Rule '/api/get_preview/<clabel_ids>' (OPTIONS, HEAD, GET) -> api.get_preview>,
 <Rule '/api/get_image_preview/<clabel_id>' (OPTIONS, HEAD, GET) -> api.get_image_preview>,
 <Rule '/api/cases/<case_id>/mesh-manifest' (OPTIONS, HEAD, GET) -> api.get_mesh_manifest>,
 <Rule '/api/cases/<display_id>/render_only/<filename>' (OPTIONS, HEAD, GET) -> api.get_mesh_file>,
 <Rule '/api/get-label-colormap/<clabel_id>' (OPTIONS, HEAD, GET) -> api.get_label_colormap>,
 <Rule '/api/' (OPTIONS, HEAD, GET) -> api.home>,
 <Rule '/api/upload' (OPTIONS, POST) -> api.upload>,
 <Rule '/api/mask-data' (OPTIONS, POST) -> api.get_mask_data>,
 <Rule '/api/get-main-nifti/<clabel_id>.nii.gz' (OPTIONS, HEAD, GET) -> api.get_main_nifti>,
 <Rule '/api/get-report/<id>' (OPTIONS, HEAD, GET) -> api.get_report>,
 <Rule '/api/explain-impressions' (OPTIONS, POST) -> api.explain_impressions>,
 <Rule '/api/define-term' (OPTIONS, HEAD, GET) -> api.define_term>,
 <Rule '/api/get-report-data/<id>' (OPTIONS, HEAD, GET) -> api.get_report_data>,
 <Rule '/api/report/<id>' (OPTIONS, HEAD, GET) -> api.report_html>,
 <Rule '/api/generate-report-pdf/<id>' (OPTIONS, HEAD, GET) -> api.generate_report_pdf>,
 <Rule '/api/get-specific-segmentations/<combined_labels_id>' (OPTIONS, POST) -> api.get_specific_segmentations>,
 <Rule '/api/get-segmentations/<combined_labels_id>.nii.gz' (OPTIONS, HEAD, GET) -> api.get_segmentations>,
 <Rule '/api/download/<id>' (OPTIONS, HEAD, GET) -> api.download_segmentation_zip>,
 <Rule '/api/auto_segment/<session_id>' (OPTIONS, POST) -> api.auto_segment>,
 <Rule '/api/run-inference' (OPTIONS, POST) -> api.run_epai_inference>,
 <Rule '/api/run-epai-inference' (OPTIONS, POST) -> api.run_epai_inference>,
 <Rule '/api/inference-status/<session_id>' (OPTIONS, HEAD, GET) -> api.get_inference_status>,
 <Rule '/api/inference-duration-estimate' (OPTIONS, HEAD, GET) -> api.get_inference_duration_estimate>,
 <Rule '/api/cancel-inference/<session_id>' (OPTIONS, POST) -> api.cancel_inference_session>,
 <Rule '/api/check-inference-status' (OPTIONS, HEAD, GET) -> api.check_inference_status_legacy>,
 <Rule '/api/jobs' (OPTIONS, POST) -> api.create_pull_inference_job>,
 <Rule '/api/jobs/<job_id>' (OPTIONS, HEAD, GET) -> api.get_pull_inference_job>,
 <Rule '/api/jobs/next' (OPTIONS, HEAD, GET) -> api.lease_next_pull_job>,
 <Rule '/api/jobs/<job_id>/input' (OPTIONS, HEAD, GET) -> api.download_pull_job_input>,
 <Rule '/api/jobs/<job_id>/heartbeat' (OPTIONS, POST) -> api.heartbeat_pull_job>,
 <Rule '/api/jobs/<job_id>/result' (OPTIONS, POST) -> api.complete_pull_job>,
 <Rule '/api/jobs/<job_id>/fail' (OPTIONS, POST) -> api.fail_pull_job>,
 <Rule '/api/jobs/<job_id>/download' (OPTIONS, HEAD, GET) -> api.download_pull_job_result>,
 <Rule '/api/get_result/<session_id>' (OPTIONS, HEAD, GET) -> api.get_result>,
 <Rule '/api/session-ct/<session_id>' (OPTIONS, HEAD, GET) -> api.get_session_ct>,
 <Rule '/api/session-segmentation/<session_id>' (OPTIONS, HEAD, GET) -> api.get_session_segmentation>,
 <Rule '/api/sessions/<session_id>/mesh-manifest' (OPTIONS, HEAD, GET) -> api.get_session_mesh_manifest>,
 <Rule '/api/sessions/<session_id>/render_only/<filename>' (OPTIONS, HEAD, GET) -> api.get_session_mesh_file>,
 <Rule '/api/session-reconstruction/<session_id>' (OPTIONS, HEAD, GET) -> api.get_session_reconstruction>,
 <Rule '/api/upload-inference-chunk' (OPTIONS, POST) -> api.upload_inference_chunk>,
 <Rule '/api/finalize-upload' (OPTIONS, POST) -> api.finalize_upload>,
 <Rule '/api/upload-dicom-slice' (OPTIONS, POST) -> api.upload_dicom_slice>,
 <Rule '/api/finalize-dicom' (OPTIONS, POST) -> api.finalize_dicom>,
 <Rule '/api/cancel-inference' (OPTIONS, POST) -> api.cancel_inference>,
 <Rule '/api/ping' (OPTIONS, HEAD, GET) -> api.ping>,
 <Rule '/api/search' (OPTIONS, HEAD, GET) -> api.api_search>,
 <Rule '/api/facets' (OPTIONS, HEAD, GET) -> api.api_facets>,
 <Rule '/api/random' (OPTIONS, HEAD, GET) -> api.api_random_topk_rotate_norand>,
 <Rule '/api/ai-models' (OPTIONS, HEAD, GET) -> api.ai_models>,
 <Rule '/api/ai-command' (OPTIONS, POST) -> api.ai_command>,
 <Rule '/api/ai-command-stream' (OPTIONS, POST) -> api.ai_command_stream>,
 <Rule '/api/save-edited-mask/<case_id>' (OPTIONS, POST) -> api.save_edited_mask>,
 <Rule '/api/list-edited-masks/<case_id>' (OPTIONS, HEAD, GET) -> api.list_edited_masks>,
 <Rule '/api/interactive-segment/<case_id>' (OPTIONS, POST) -> api.interactive_segment>,
 <Rule '/api/vessel-cpr/<case_id>' (OPTIONS, POST) -> api.vessel_cpr>,
 <Rule '/api/share/<case_id>/token' (OPTIONS, POST) -> api.create_share_token>,
 <Rule '/api/share/<token>' (OPTIONS, HEAD, GET) -> api.get_shared_case>,
 <Rule '/api/education/challenges/<challenge_id>' (OPTIONS, HEAD, GET) -> education.get_challenge>,
 <Rule '/api/education/quiz-playlists' (OPTIONS, HEAD, GET) -> education.get_quiz_playlists>,
 <Rule '/api/education/quiz-playlists/<playlist_id>/select' (OPTIONS, POST) -> education.select_quiz_playlist_pack>,
 <Rule '/api/education/quiz-packs/<pack_id>' (OPTIONS, HEAD, GET) -> education.get_quiz_pack>,
 <Rule '/api/education/quiz-packs/<pack_id>/reports' (OPTIONS, POST) -> education.report_quiz_pack>,
 <Rule '/api/education/quiz-packs/<pack_id>/attempts' (OPTIONS, POST) -> education.start_quiz_practice_attempt>,
 <Rule '/api/education/quiz-attempts/<attempt_id>/submit' (OPTIONS, POST) -> education.submit_quiz_practice_attempt>,
 <Rule '/api/education/quiz-attempts/<attempt_id>/result' (OPTIONS, HEAD, GET) -> education.get_quiz_practice_result>,
 <Rule '/api/education/quiz-attempts/<attempt_id>/reveal-segmentation.nii.gz' (OPTIONS, HEAD, GET) -> education.get_quiz_practice_reveal>,
 <Rule '/api/education/attempts/<attempt_id>/reveal-segmentation.nii.gz' (OPTIONS, HEAD, GET) -> education.get_challenge_segmentation>,
 <Rule '/api/education/challenges/<challenge_id>/attempts' (OPTIONS, POST) -> education.start_attempt>,
 <Rule '/api/education/attempts/<attempt_id>/submit' (OPTIONS, POST) -> education.submit_attempt>,
 <Rule '/api/education/attempts/<attempt_id>/result' (OPTIONS, HEAD, GET) -> education.get_attempt_result>,
 <Rule '/api/education/attempts/<attempt_id>/retry-grade' (OPTIONS, POST) -> education.retry_attempt_grade>,
 <Rule '/api/education/attempts/<attempt_id>/tutor' (OPTIONS, POST) -> education.tutor>,
 <Rule '/api/live-rooms' (OPTIONS, POST) -> live_rooms.create_live_room>,
 <Rule '/api/live-rooms/health' (OPTIONS, HEAD, GET) -> live_rooms.live_rooms_health>,
 <Rule '/api/live-rooms/<room_id>' (OPTIONS, HEAD, GET) -> live_rooms.get_live_room>,
 <Rule '/api/live-rooms/<room_id>/snapshot' (OPTIONS, HEAD, GET) -> live_rooms.get_live_room_snapshot>,
 <Rule '/api/live-rooms/<room_id>/export.zip' (OPTIONS, HEAD, GET) -> live_rooms.export_live_room>,
 <Rule '/api/live-rooms/<room_id>/report.pdf' (OPTIONS, HEAD, GET) -> live_rooms.live_room_report>,
 <Rule '/api/live-rooms/<room_id>/quiz/reveal-segmentation.nii.gz' (OPTIONS, HEAD, GET) -> live_rooms.live_quiz_reveal_segmentation>,
 <Rule '/api/auth/register' (OPTIONS, POST) -> auth.register>,
 <Rule '/api/auth/login' (OPTIONS, POST) -> auth.login>,
 <Rule '/api/auth/logout' (OPTIONS, POST) -> auth.logout>,
 <Rule '/api/auth/send-verification' (OPTIONS, POST) -> auth.send_verification>,
 <Rule '/api/auth/verify-email' (OPTIONS, POST) -> auth.verify_email>,
 <Rule '/api/auth/forgot-password' (OPTIONS, POST) -> auth.forgot_password>,
 <Rule '/api/auth/reset-password' (OPTIONS, POST) -> auth.reset_password>,
 <Rule '/api/auth/me' (OPTIONS, HEAD, GET) -> auth.me>,
 <Rule '/api/auth/me' (OPTIONS, PATCH) -> auth.update_me>,
 <Rule '/api/me/plan' (OPTIONS, POST) -> auth.set_my_plan>,
 <Rule '/api/me/usage' (OPTIONS, HEAD, GET) -> auth.my_usage>,
 <Rule '/api/me/jobs' (OPTIONS, HEAD, GET) -> auth.my_jobs>,
 <Rule '/api/me/export' (OPTIONS, HEAD, GET) -> auth.export_me>,
 <Rule '/api/me/jobs' (OPTIONS, DELETE) -> auth.delete_my_jobs>,
 <Rule '/api/me' (OPTIONS, DELETE) -> auth.delete_me>,
 <Rule '/api/auth/oauth/providers' (OPTIONS, HEAD, GET) -> oauth.providers>,
 <Rule '/api/auth/oauth/<provider>' (OPTIONS, HEAD, GET) -> oauth.oauth_start>,
 <Rule '/api/auth/oauth/<provider>/callback' (OPTIONS, HEAD, GET) -> oauth.oauth_callback>,
 <Rule '/api/admin/people' (OPTIONS, HEAD, GET) -> admin.people>,
 <Rule '/api/admin/people/<user_id>/roles' (OPTIONS, POST) -> admin.grant_role>,
 <Rule '/api/admin/people/<user_id>/roles/<role>' (OPTIONS, DELETE) -> admin.revoke_role>,
 <Rule '/api/admin/people/<user_id>' (OPTIONS, DELETE) -> admin.delete_account>,
 <Rule '/api/admin/people/<user_id>/restore' (OPTIONS, POST) -> admin.restore_account>,
 <Rule '/api/analytics/collect' (OPTIONS, POST) -> analytics.collect>,
 <Rule '/api/analytics/overview' (OPTIONS, HEAD, GET) -> analytics.overview>,
 <Rule '/api/analytics/meta' (OPTIONS, HEAD, GET) -> analytics.meta>])